// Vitest Snapshot v1, https://vitest.dev/guide/snapshot.html

exports[`routes.ts URL surface > exposes a stable set of URLs 1`] = `
[
  "/ (index)",
  "/api/auth/*",
  "/apply/:token",
  "/auth/signout",
  "/dev/login",
  "/dev/seed",
  "/e/:id/design",
  "/e/:id/staff",
  "/events/new",
  "/no-chapter",
  "/signin",
]
`;
